postgres (PostgreSQL) 18.6 (Homebrew)
The files belonging to this database system will be owned by user "okcomputers".
This user must also own the server process.

The database cluster will be initialized with locale "C".
The default text search configuration will be set to "english".

Data page checksums are enabled.

creating directory /var/folders/m9/8ynzhmdj1bx7w62v4n25dpdh0000gn/T/dg-991-physical-pg-Oc1qtZ/data ... ok
creating subdirectories ... ok
selecting dynamic shared memory implementation ... posix
selecting default "max_connections" ... 100
selecting default "shared_buffers" ... 128MB
selecting default time zone ... Australia/Brisbane
creating configuration files ... ok
running bootstrap script ... ok
performing post-bootstrap initialization ... ok
syncing data to disk ... ok

Success. You can now start the database server using:

    '/opt/homebrew/opt/postgresql@18/bin/pg_ctl' -D /var/folders/m9/8ynzhmdj1bx7w62v4n25dpdh0000gn/T/dg-991-physical-pg-Oc1qtZ/data -l logfile start

waiting for server to start.... done
server started
CREATE TABLE
CREATE TABLE
CREATE TABLE
CREATE TABLE
CREATE TABLE
CREATE TABLE
CREATE TABLE
CREATE TABLE
(node:10268) [MODULE_TYPELESS_PACKAGE_JSON] Warning: Module type of file:///Users/okcomputers/Documents/dg-platform-current/src/lib/remediate-991-physical.ts is not specified and it doesn't parse as CommonJS.
Reparsing as ES module because module syntax was detected. This incurs a performance overhead.
To eliminate this warning, add "type": "module" to /Users/okcomputers/Documents/dg-platform-current/package.json.
(Use `node --trace-warnings ...` to show where the warning was created)
✔ exact artifact mechanically bound; all rehearsed settings/DO retained (55.418834ms)
✔ variant converges exactly; six deltas only; operation/PK/index/table/rows/history/unrelated unchanged; replay refuses (55.736458ms)
✔ incompatible nonce/xxxxxxxx refuses before DDL and preserves exact state (19.008792ms)
✔ incompatible fingerprint/ZZZZZZZZ refuses before DDL and preserves exact state (19.548583ms)
✔ incompatible window_id/x refuses before DDL and preserves exact state (17.853709ms)
✔ incompatible outcome/verified refuses before DDL and preserves exact state (18.0915ms)
✔ incompatible outcome/rejected refuses before DDL and preserves exact state (17.906292ms)
✔ catalogue drift timestamp type refuses and preserves exact state (19.882791ms)
✔ catalogue drift timestamp precision refuses and preserves exact state (18.177458ms)
✔ catalogue drift nullability refuses and preserves exact state (18.690834ms)
✔ catalogue drift extra column refuses and preserves exact state (18.130833ms)
✔ catalogue drift extra index refuses and preserves exact state (19.790625ms)
✔ catalogue drift operation refuses and preserves exact state (18.6655ms)
✔ catalogue drift rule refuses and preserves exact state (18.97975ms)
✔ catalogue drift inheritance refuses and preserves exact state (21.409084ms)
✔ catalogue drift forced RLS refuses and preserves exact state (20.148334ms)
✔ catalogue drift policy refuses and preserves exact state (22.198916ms)
✔ catalogue drift text collation refuses and preserves exact state (20.031041ms)
✔ catalogue drift PK refuses and preserves exact state (18.520875ms)
✔ catalogue drift name refuses and preserves exact state (20.768958ms)
✔ catalogue drift definition refuses and preserves exact state (20.804666ms)
✔ catalogue drift index refuses and preserves exact state (20.289292ms)
✔ catalogue drift default refuses and preserves exact state (19.313459ms)
✔ catalogue drift RLS refuses and preserves exact state (19.122292ms)
✔ catalogue drift validation refuses and preserves exact state (19.737625ms)
✔ catalogue drift extra constraint refuses and preserves exact state (19.537417ms)
✔ nonempty compatible receipts refuse; no timestamp value converted (18.761708ms)
✔ nonzero safety state ai_worker_principals refuses (19.958875ms)
✔ nonzero safety state ai_local_deployments refuses (18.653125ms)
✔ nonzero safety state ai_local_recipient_approvals refuses (21.924ms)
✔ nonzero safety state ai_inference_jobs refuses (18.831459ms)
✔ nonzero safety state ai_worker_claim_receipts refuses (18.85225ms)
✔ nonzero safety state ai_accounting_outbox refuses (20.292041ms)
✔ unexpected history 20261007_ai_worker_provisioning_boundary refuses (18.655542ms)
✔ unexpected history 20260901_stripe_connect_tenant_trust refuses (19.01525ms)
✔ unexpected history 20260904_business_brain_knowledge refuses (17.945875ms)
✔ unexpected history 20260910_aida_public_conversations refuses (17.725791ms)
✔ unexpected history 20260913_ai_visibility_intelligence refuses (17.527333ms)
✔ unfinished history refuses (17.708833ms)
✔ timezone-independent precision six final catalogue (18.614ms)
✔ activation refuses DG_REMEDIATE_991_PHYSICAL_OPERATION=undefined before auth/database (9.846041ms)
✔ activation refuses DG_REMEDIATE_991_PHYSICAL_OPERATION=reconcile_991 before auth/database (9.676666ms)
✔ activation refuses NODE_ENV=development before auth/database (10.065166ms)
✔ activation refuses VERCEL_ENV=preview before auth/database (10.412042ms)
✔ activation refuses VERCEL_ENV=undefined before auth/database (9.725958ms)
✔ activation refuses AI_WORKER_PROVISIONING_ENABLED=true before auth/database (9.91675ms)
✔ insufficient identity null (14.878ms)
✔ insufficient identity api_key:operator (15.402958ms)
✔ insufficient identity user_other (16.107958ms)
✔ insufficient authority admin/active/operator_org (17.813042ms)
✔ insufficient authority owner/inactive/operator_org (16.296542ms)
✔ insufficient authority owner/active/tenant (16.406458ms)
✔ existing staff authority accepted without #993 enablement or session provisioning (16.640791ms)
✔ request wrong secret refuses before auth/database (10.273583ms)
✔ request malformed secret refuses before auth/database (9.8845ms)
✔ request missing secret refuses before auth/database (9.820458ms)
✔ request wrong operation refuses before auth/database (9.9215ms)
✔ request wrong origin refuses before auth/database (9.937875ms)
✔ request API key refuses before auth/database (10.093667ms)
✔ request body refuses before auth/database (9.758125ms)
✔ request empty stream body refuses before auth/database (9.9245ms)
✔ wrong URL https://app.digitalgate.com.au/api/admin/remediate-991-physical?x=1 refuses (10.057958ms)
✔ wrong URL https://app.digitalgate.com.au/api/admin/remediate-991-physical? refuses (9.8335ms)
✔ wrong URL https://app.digitalgate.com.au/api/admin/remediate-991-physical/ refuses (9.49175ms)
✔ wrong URL https://app.digitalgate.com.au/api/admin/reconcile-991 refuses (9.628458ms)
✔ wrong URL https://preview.example/api/admin/remediate-991-physical refuses (10.219334ms)
✔ unsupported GET fixed refusal (9.948416ms)
✔ unsupported HEAD fixed refusal (9.606458ms)
✔ unsupported OPTIONS fixed refusal (9.461125ms)
✔ unsupported PUT fixed refusal (9.928125ms)
✔ unsupported PATCH fixed refusal (9.789458ms)
✔ unsupported DELETE fixed refusal (11.76875ms)
✔ unsupported TRACE fixed refusal (9.643125ms)
✔ bad configured secret hash  refuses (15.390375ms)
✔ bad configured secret hash not-a-ha refuses (15.278541ms)
✔ bad configured secret hash AAAAAAAA refuses (16.023667ms)
✔ concurrent invocation fails try-lock; exactly one succeeds; replay refuses (30.3565ms)
✔ bounded receipt lock contention refuses and preserves original state (2027.616292ms)
✔ forced failure after first DDL rolls back exact original state (25.322042ms)
✔ forced final postcondition failure rolls back all six changes (22.897667ms)
✔ kill switch changed after DDL rolls back before commit (23.879125ms)
✔ authority revoked before membership lock is rechecked (19.344084ms)
✔ safe responses/audit never leak secret, SQL, credentials or driver errors (12.291875ms)
✔ audit transport failure cannot turn committed success into refusal (20.296292ms)
✔ wrong remediation artifact fails build/test binding (42.357125ms)
✔ wrong canonical artifact fails build/test binding (43.020167ms)
✔ wrong generated artifact fails build/test binding (39.544917ms)
✔ server-only route uses Clerk session, separate authority, fixed unsupported verbs and no global connector/redirect/credential access (11.696083ms)
✔ Clerk handshake redirects/errors/rewrites become fixed safe middleware refusals (10.661167ms)
ℹ tests 89
ℹ suites 0
ℹ pass 89
ℹ fail 0
ℹ cancelled 0
ℹ skipped 0
ℹ todo 0
ℹ duration_ms 3717.477125
waiting for server to shut down.... done
server stopped
Owned #991 physical-remediation test cluster stopped and destroyed
