PASS A exact observed starting catalogue
PASS checksum refusal missing
PASS checksum refusal mismatch
PASS exact empty Production variant converges all six deltas; canonical catalogue and preservation
PASS already-canonical repeated execution refuses
PASS session-timezone-independent empty conversion GMT
PASS session-timezone-independent empty conversion Australia/Brisbane
PASS session-timezone-independent empty conversion America/New_York
PASS nonempty canonical-compatible data refuses
PASS incompatible timestamp/data nonce xxxxxxxx
PASS incompatible timestamp/data fingerprint ZZZZZZZZ
PASS incompatible timestamp/data window_id x
PASS incompatible timestamp/data outcome verified
PASS incompatible timestamp/data outcome rejected
PASS catalogue/history drift timestamp type
PASS catalogue/history drift timestamp precision
PASS catalogue/history drift constraint identity
PASS catalogue/history drift nonce check
PASS catalogue/history drift operation check
PASS catalogue/history drift PK
PASS catalogue/history drift index definition
PASS catalogue/history drift extra index
PASS catalogue/history drift default
PASS catalogue/history drift nullability
PASS catalogue/history drift extra column
PASS catalogue/history drift RLS
PASS catalogue/history drift forced RLS
PASS catalogue/history drift policy
PASS catalogue/history drift inheritance
PASS catalogue/history drift rule
PASS catalogue/history drift trigger
PASS catalogue/history drift unvalidated check
PASS catalogue/history drift history rule
PASS catalogue/history drift #991 history present
PASS catalogue/history drift unresolved history
PASS catalogue/history drift older conflicting history
PASS catalogue/history drift fingerprint check
PASS catalogue/history drift window_id check
PASS catalogue/history drift outcome check
PASS nonzero safety state ai_worker_principals
PASS nonzero safety state ai_local_deployments
PASS nonzero safety state ai_local_recipient_approvals
PASS nonzero safety state ai_inference_jobs
PASS nonzero safety state ai_worker_claim_receipts
PASS nonzero safety state ai_accounting_outbox
PASS F bounded lock contention
PASS G forced failure after timestamp DDL
PASS H explicit rollback restores original catalogue and data
PASS postcondition mismatch rolls back all six changes
PASS canonical SHA and independently applied canonical full catalogue verified
All 50 rehearsal cases passed; owned cluster destroyed
