The files belonging to this database system will be owned by user "okcomputers".
This user must also own the server process.

The database cluster will be initialized with locale "C".
The default text search configuration will be set to "english".

Data page checksums are enabled.

creating directory /var/folders/m9/8ynzhmdj1bx7w62v4n25dpdh0000gn/T/dg-991-pg-kFNbMW/data ... ok
creating subdirectories ... ok
selecting dynamic shared memory implementation ... posix
selecting default "max_connections" ... 100
selecting default "shared_buffers" ... 128MB
selecting default time zone ... Australia/Brisbane
creating configuration files ... ok
running bootstrap script ... ok
performing post-bootstrap initialization ... ok
syncing data to disk ... ok

Success. You can now start the database server using:

    '/opt/homebrew/opt/postgresql@18/bin/pg_ctl' -D /var/folders/m9/8ynzhmdj1bx7w62v4n25dpdh0000gn/T/dg-991-pg-kFNbMW/data -l logfile start

waiting for server to start.... done
server started
CREATE TABLE
CREATE TABLE
CREATE TABLE
CREATE TABLE
CREATE TABLE
CREATE TABLE
CREATE TABLE
(node:95599) [MODULE_TYPELESS_PACKAGE_JSON] Warning: Module type of file:///Users/okcomputers/Documents/dg-platform-current/src/lib/reconcile-991.ts is not specified and it doesn't parse as CommonJS.
Reparsing as ES module because module syntax was detected. This incurs a performance overhead.
To eliminate this warning, add "type": "module" to /Users/okcomputers/Documents/dg-platform-current/package.json.
(Use `node --trace-warnings ...` to show where the warning was created)
✔ exact resolve semantics, original microsecond history unchanged, duplicate fails closed (41.837125ms)
✔ environment, disabled activation and provisioning window fail before auth/database (7.328125ms)
✔ wrong/missing secret/hash, operation, method, origin, body and query fail before database (7.38475ms)
✔ no identity, API key, ordinary admin, inactive owner and unallowlisted owner refused (9.502334ms)
✔ existing staff authority is accepted without organisation/session provisioning (12.036709ms)
✔ physical schema drift refuses: DROP TABLE public.ai_worker_provisioning_receipts (8.676375ms)
✔ physical schema drift refuses: ALTER TABLE public.ai_worker_provisioning_receipts ALTER COLUMN fingerprint DROP NOT NULL (7.278041ms)
✔ physical schema drift refuses: ALTER TABLE public.ai_worker_provisioning_receipts ALTER COLUMN created_at SET DEFAULT now() (7.809625ms)
✔ physical schema drift refuses: ALTER TABLE public.ai_worker_provisioning_receipts DROP CONSTRAINT ai_worker_provisioning_receipts_nonce_check (7.695625ms)
✔ physical schema drift refuses: DROP INDEX public.ai_worker_provisioning_window_idx (7.493709ms)
✔ physical schema drift refuses: DROP INDEX public.ai_worker_pinned_name_unique; CREATE UNIQUE INDEX ai_worker_pinned_name_unique ON public.ai_worker_principals(name) WHERE name='wrong-worker' (8.055458ms)
✔ physical schema drift refuses: ALTER TABLE public.ai_worker_provisioning_receipts ENABLE ROW LEVEL SECURITY (8.416041ms)
✔ older history stays unresolved: 20260901_stripe_connect_tenant_trust (8.217542ms)
✔ older history stays unresolved: 20260904_business_brain_knowledge (8.093083ms)
✔ older history stays unresolved: 20260910_aida_public_conversations (7.846542ms)
✔ older history stays unresolved: 20260913_ai_visibility_intelligence (7.718625ms)
✔ nonzero state refused: ai_worker_principals (8.845125ms)
✔ nonzero state refused: ai_local_deployments (8.775208ms)
✔ nonzero state refused: ai_local_recipient_approvals (7.871958ms)
✔ nonzero state refused: ai_inference_jobs (7.806084ms)
✔ nonzero state refused: ai_worker_claim_receipts (8.039ms)
✔ nonzero state refused: ai_worker_provisioning_receipts (8.030333ms)
✔ concurrent invocations permit exactly one insert (11.348875ms)
✔ operator and state are rechecked after locking (23.987583ms)
✔ schema is rechecked after locking (1015.515875ms)
✔ changed unrelated history during lock acquisition prevents mutation (32.780833ms)
✔ insert failure rolls back and returns no driver error or credential (14.995208ms)
✔ route and middleware contain no redirect, logger, global database or session provisioning path (8.019208ms)
ℹ tests 28
ℹ suites 0
ℹ pass 28
ℹ fail 0
ℹ cancelled 0
ℹ skipped 0
ℹ todo 0
ℹ duration_ms 1448.06275
waiting for server to shut down.... done
server stopped
Owned #991 test cluster stopped and destroyed
